[rebeccayrpark.wixsite.com/mysite.html]
[backblue.gif]
[fade.gif]
[index.html]
[rebeccayrpark.wixsite.com/index.html]
[rebeccayrpark.wixsite.com/mysite/info.html]
[rebeccayrpark.wixsite.com/mysite/about-me.html]
[rebeccayrpark.wixsite.com/mysite/book-online-1.html]
[rebeccayrpark.wixsite.com/sitemap.4.delayed]
[rebeccayrpark.wixsite.com/feed.5.delayed]
[rebeccayrpark.wixsite.com/${n.6.delayed]
[rebeccayrpark.wixsite.com/decodeURIComponent(e.7.delayed]
[rebeccayrpark.wixsite.com/mysite.html]
[rebeccayrpark.wixsite.com/index.html]
[rebeccayrpark.wixsite.com/mysite/robots.8.delayed]
[rebeccayrpark.wixsite.com/mysite/sitemap.xml]
[rebeccayrpark.wixsite.com/mysite/feed.a.delayed]
[rebeccayrpark.wixsite.com/mysite/${n.b.delayed]
[rebeccayrpark.wixsite.com/mysite/decodeURIComponent(e.c.delayed]
[rebeccayrpark.wixsite.com/mysite/info.html]
[rebeccayrpark.wixsite.com/mysite/about-me.html]
[rebeccayrpark.wixsite.com/mysite/book-online-1.html]
[rebeccayrpark.wixsite.com/sitemap.html]
[rebeccayrpark.wixsite.com/feed.html]
[rebeccayrpark.wixsite.com/${n.html]
[rebeccayrpark.wixsite.com/decodeURIComponent(e.html]
[rebeccayrpark.wixsite.com/mysite/robots.html]
[rebeccayrpark.wixsite.com/mysite/feed.html]
[rebeccayrpark.wixsite.com/mysite/${n.html]
[rebeccayrpark.wixsite.com/mysite/decodeURIComponent(e.html]
